Traceback (most recent call last):
  File "/Users/selcuk/Desktop/HSE_RCAnalysis_AgenticAI-main/demo_stream.py", line 137, in <module>
    part3 = rootcause_agent.analyze_root_causes(part1, part2, incident_data_1.get("description"))
  File "/Users/selcuk/Desktop/HSE_RCAnalysis_AgenticAI-main/agents/rootcause_agent_v2.py", line 94, in analyze_root_causes
    incident_summary = self._append_hitl_answers(incident_summary, investigation_data)
  File "/Users/selcuk/Desktop/HSE_RCAnalysis_AgenticAI-main/agents/rootcause_agent_v2.py", line 662, in _append_hitl_answers
    answers = investigation_data.get("five_why_answers", [])
AttributeError: 'str' object has no attribute 'get'
====================================================================================================
🚀 HSE ROOT CAUSE ANALYSIS - AGENT DEMO
====================================================================================================

✅ API Key bulundu: sk-or-v1-7d263f...deed9beb2b

✅ Agent modülleri başarıyla import edildi

====================================================================================================
📋 TEST 1: CONFINED SPACE - OKSİJEN EKSİKLİĞİ SENARYOSU
====================================================================================================

📊 Senaryo hazırlandı
🎯 Hedef: Kök neden analizi (3 aşama)

----------------------------------------------------------------------------------------------------
AŞAMA 1/3: OVERVIEW AGENT - Genel Değerlendirme
----------------------------------------------------------------------------------------------------
✅ Overview Agent initialized with OpenRouter

================================================================================
📋 PART 1: OVERVIEW - Processing Initial Report
================================================================================

🤖 AI extracting brief details...
🔍 Parsing JSON from Brief Details Extraction...
✅ Successfully parsed JSON from Brief Details Extraction
✅ Brief details extracted successfully

🤖 AI classifying incident type...
✅ Incident classified as: Major injury

--------------------------------------------------------------------------------
📊 PART 1 OVERVIEW SUMMARY
--------------------------------------------------------------------------------
Ref No:          CS-2026-002
Reported by:     Güvenlik Görevlisi
Date/Time:       18.03.2026 11:45
Incident Type:   Major injury

📝 Brief Details:
  What:          Confined space incident - oxygen deficiency in wastewater treatment sludge tank. Maintenance technician entered 8m deep tank without permit to check pump failure, collapsed at 3m depth due to hypoxia. Two additional workers (shift supervisor and operator) also affected during unauthorized rescue attempts. Critical safety violations: no entry permit, no atmosphere testing, no ventilation, no safety harness, no attendant, no rescue team preparation.
  Where:         Wastewater Treatment Plant, Sludge Tank #3 (8m depth), 3m depth point where collapse occurred
  When:          March 18, 2026, 11:40 AM (entry) - 11:45 AM (incident escalation), rescue completed 12:05 PM
  Who:           Ahmet Çelik (29, Maintenance Technician) - primary victim, severe hypoxia, ICU; Hasan Öztürk (42, Shift Supervisor) - rescue attempt, severe hypoxia, ICU; Kemal Aydın (35, Operator) - rescue attempt, partial hypoxia, dizziness
  Emergency:     112 emergency called at 11:47 AM, fire department arrived 12:05 PM and extracted all three victims using proper confined space rescue equipment, all transported to hospital by 12:20 PM for hypoxia treatment

Forwarded to:    
Forwarded at:    
--------------------------------------------------------------------------------

✅ Overview tamamlandı!
   📌 Olay tipi: Major injury
   📌 Referans: CS-2026-002

----------------------------------------------------------------------------------------------------
AŞAMA 2/3: ASSESSMENT AGENT - Risk Değerlendirme
----------------------------------------------------------------------------------------------------
✅ Assessment Agent initialized with OpenRouter

================================================================================
📋 PART 2: INITIAL ASSESSMENT - Evaluating Incident
================================================================================

🤖 AI classifying event type...
✅ Event classified as: Accident

🤖 AI assessing severity level...
✅ Severity assessed as: # Severity Assessment

**Level: 1 - Fatal or major**

## Justification:

- **Two workers in ICU with severe hypoxia** (Ahmet Çelik and Hasan Ö

🤖 AI assessing RIDDOR reportability...
🔍 Parsing JSON from RIDDOR Assessment...
✅ Successfully parsed JSON from RIDDOR Assessment
✅ RIDDOR: Y - Major injury - two workers in ICU with severe hypoxia from confined space oxygen deficiency. Dangerous occurrence - loss of control of flammable/asphyxiating substance in confined space.

🤖 AI determining investigation level...
🔍 Parsing JSON from Investigation Level Assessment...
✅ Successfully parsed JSON from Investigation Level Assessment
✅ Investigation level: High level
   Priority: High
   Team: Senior H&S Manager, Confined Space Technical Expert, Occupational Health Physician, Plant Operations Manager, Environmental Health & Safety Specialist, Human Factors Specialist, Maintenance Department Manager, External Regulatory Inspector, Emergency Response Coordinator

--------------------------------------------------------------------------------
📊 PART 2 INITIAL ASSESSMENT SUMMARY
--------------------------------------------------------------------------------
Event Type:           Accident
Severity:             # Severity Assessment

**Level: 1 - Fatal or major**

## Justification:

- **Two workers in ICU with severe hypoxia** (Ahmet Çelik and Hasan Ö
RIDDOR Reportable:    Y
RIDDOR Reported:      12.03.26
Accident Book:        Y
Book Reference:       071/26

🔍 Investigation:
Level:                High level
Priority:             High
Further Invest Req:   Y
Team Members:         Senior H&S Manager, Confined Space Technical Expert, Occupational Health Physician, Plant Operations Manager, Environmental Health & Safety Specialist, Human Factors Specialist, Maintenance Department Manager, External Regulatory Inspector, Emergency Response Coordinator

Assessed by:          H&S Officer
Assessment Date:      12.03.26
--------------------------------------------------------------------------------

✅ Assessment tamamlandı!
   📌 Ciddiyet: # Severity Assessment

**Level: 1 - Fatal or major**

## Justification:

- **Two workers in ICU with severe hypoxia** (Ahmet Çelik and Hasan Ö
   📌 Soruşturma seviyesi: High level

----------------------------------------------------------------------------------------------------
AŞAMA 3/3: ROOT CAUSE AGENT - Kök Neden Analizi
----------------------------------------------------------------------------------------------------
✅ Kök Neden Ajanı V2 başlatıldı (knowledge_base)

================================================================================
🔴 BÖLÜM 3: HİYERARŞİK KÖK NEDEN ANALİZİ
================================================================================
  ⚠️  Tam metin bulunamadı, alanlar birleştiriliyor (fallback)

❌ HATA: 'str' object has no attribute 'get'



🔄 İkinci teste geçmek için ENTER'a basın...Traceback (most recent call last):
  File "/Users/selcuk/Desktop/HSE_RCAnalysis_AgenticAI-main/demo_stream.py", line 279, in <module>
    part3 = rootcause_agent_2.analyze_root_causes(part1, part2, incident_data_2.get("description"))
  File "/Users/selcuk/Desktop/HSE_RCAnalysis_AgenticAI-main/agents/rootcause_agent_v2.py", line 94, in analyze_root_causes
    incident_summary = self._append_hitl_answers(incident_summary, investigation_data)
  File "/Users/selcuk/Desktop/HSE_RCAnalysis_AgenticAI-main/agents/rootcause_agent_v2.py", line 662, in _append_hitl_answers
    answers = investigation_data.get("five_why_answers", [])
AttributeError: 'str' object has no attribute 'get'

====================================================================================================
📋 TEST 2: KİMYASAL YANMA - KİŞİSEL KORUYUCU EKİPMAN EKSİKLİĞİ
====================================================================================================

📊 Senaryo hazırlandı
🎯 Hedef: Kök neden analizi (3 aşama)

----------------------------------------------------------------------------------------------------
AŞAMA 1/3: OVERVIEW AGENT - Genel Değerlendirme
----------------------------------------------------------------------------------------------------
✅ Overview Agent initialized with OpenRouter

================================================================================
📋 PART 1: OVERVIEW - Processing Initial Report
================================================================================

🤖 AI extracting brief details...
🔍 Parsing JSON from Brief Details Extraction...
✅ Successfully parsed JSON from Brief Details Extraction
✅ Brief details extracted successfully

🤖 AI classifying incident type...
✅ Incident classified as: Major injury

--------------------------------------------------------------------------------
📊 PART 1 OVERVIEW SUMMARY
--------------------------------------------------------------------------------
Ref No:          CHEM-2026-003
Reported by:     Vardiya Amiri
Date/Time:       20.03.2026 14:30
Incident Type:   Major injury

📝 Brief Details:
  What:          98% sülfürik asit transferi sırasında hortum bağlantısı gevşemesi sonucu operatörün yüzüne ve üst vücuduna asit sıçraması. Yüzde %15 vücut yüzeyinde 2. derece kimyasal yanık, kornea yanığı ve kalıcı görme kaybı riski. Kritik PPE eksiklikleri: tam yüz siperi, kimyasal gözlük, asit dayanımlı eldiven ve tulum kullanılmamış.
  Where:         GHI Kimya Fabrikası, Asit Transfer İstasyonu
  When:          20.03.2026, 14:30
  Who:           Mehmet Kaya (25 yaşında, operatör, 6 ay deneyimli)
  Emergency:     14:32'de acil duş istasyonuna götürüldü, 15 dakika duş altında yıkandı, 14:50'de ambulans ile hastaneye kaldırıldı, 10 gün hastanede yatış

Forwarded to:    
Forwarded at:    
--------------------------------------------------------------------------------

✅ Overview tamamlandı!
   📌 Olay tipi: Major injury
   📌 Referans: CHEM-2026-003

----------------------------------------------------------------------------------------------------
AŞAMA 2/3: ASSESSMENT AGENT - Risk Değerlendirme
----------------------------------------------------------------------------------------------------
✅ Assessment Agent initialized with OpenRouter

================================================================================
📋 PART 2: INITIAL ASSESSMENT - Evaluating Incident
================================================================================

🤖 AI classifying event type...
✅ Event classified as: Accident

🤖 AI assessing severity level...
✅ Severity assessed as: # Severity Assessment

**Level: 1 - Fatal or major**

## Justification:

This incident meets multiple criteria for Fatal or major classification:

1. **Major injury sustained**: 15% body surface area

🤖 AI assessing RIDDOR reportability...
🔍 Parsing JSON from RIDDOR Assessment...
✅ Successfully parsed JSON from RIDDOR Assessment
✅ RIDDOR: Y - Major injury - serious chemical burns (15% body surface area, 2nd degree), corneal burns with risk of permanent vision loss, and hospitalization for 10 days. Meets RIDDOR criteria for serious burns and major injury.

🤖 AI determining investigation level...
🔍 Parsing JSON from Investigation Level Assessment...
✅ Successfully parsed JSON from Investigation Level Assessment
✅ Investigation level: High level
   Priority: High
   Team: Senior H&S Manager, Chemical Safety Specialist, Occupational Health Physician, Process Engineering Manager, PPE Technical Expert, Training Manager, Site Operations Manager, External HSE Consultant, Worker Representative

--------------------------------------------------------------------------------
📊 PART 2 INITIAL ASSESSMENT SUMMARY
--------------------------------------------------------------------------------
Event Type:           Accident
Severity:             # Severity Assessment

**Level: 1 - Fatal or major**

## Justification:

This incident meets multiple criteria for Fatal or major classification:

1. **Major injury sustained**: 15% body surface area
RIDDOR Reportable:    Y
RIDDOR Reported:      12.03.26
Accident Book:        Y
Book Reference:       071/26

🔍 Investigation:
Level:                High level
Priority:             High
Further Invest Req:   Y
Team Members:         Senior H&S Manager, Chemical Safety Specialist, Occupational Health Physician, Process Engineering Manager, PPE Technical Expert, Training Manager, Site Operations Manager, External HSE Consultant, Worker Representative

Assessed by:          H&S Officer
Assessment Date:      12.03.26
--------------------------------------------------------------------------------

✅ Assessment tamamlandı!
   📌 Ciddiyet: # Severity Assessment

**Level: 1 - Fatal or major**

## Justification:

This incident meets multiple criteria for Fatal or major classification:

1. **Major injury sustained**: 15% body surface area
   📌 Soruşturma seviyesi: High level

----------------------------------------------------------------------------------------------------
AŞAMA 3/3: ROOT CAUSE AGENT - Kök Neden Analizi
----------------------------------------------------------------------------------------------------
✅ Kök Neden Ajanı V2 başlatıldı (knowledge_base)

================================================================================
🔴 BÖLÜM 3: HİYERARŞİK KÖK NEDEN ANALİZİ
================================================================================
  ⚠️  Tam metin bulunamadı, alanlar birleştiriliyor (fallback)

❌ HATA: 'str' object has no attribute 'get'


🎉🎉🎉🎉🎉🎉🎉🎉🎉🎉🎉🎉🎉🎉🎉🎉🎉🎉🎉🎉🎉🎉🎉🎉🎉🎉🎉🎉🎉🎉🎉🎉🎉🎉🎉🎉🎉🎉🎉🎉🎉🎉🎉🎉🎉🎉🎉🎉🎉🎉
TÜM TESTLER BAŞARIYLA TAMAMLANDI!
🎉🎉🎉🎉🎉🎉🎉🎉🎉🎉🎉🎉🎉🎉🎉🎉🎉🎉🎉🎉🎉🎉🎉🎉🎉🎉🎉🎉🎉🎉🎉🎉🎉🎉🎉🎉🎉🎉🎉🎉🎉🎉🎉🎉🎉🎉🎉🎉🎉🎉

✅ Test 1: Confined Space - 3 kazazede, oksijen eksikliği
✅ Test 2: Kimyasal Yanma - PPE eksikliği, kalıcı hasar riski

📊 Her iki senaryo için de kök neden analizi tamamlandı!
====================================================================================================
